DynamicsCompressorNode
AudioNode
EventTarget
Object
[object AudioParam] current: -24, default: -24, min: -100, max: 0, rate: k-rate
